#{{newrelic.yml ../../fixtures/java/newrelic/} 1 /common/agent_enabled: true
/common/app_name: My Java App
/common/attributes/enabled: true
/common/audit_mode: false
/common/browser_monitoring/auto_instrument: true
/common/class_transformer/classloader_excludes: groovy.lang.GroovyClassLoader$InnerLoader, org.codehaus.groovy.runtime.callsite.CallSiteClassLoader, com.collaxa.cube.engine.deployment.BPELClassLoader, org.springframework.data.convert.ClassGeneratingEntityInstantiator$ObjectInstantiatorClassGenerator, org.mvel2.optimizers.impl.asm.ASMAccessorOptimizer$ContextClassLoader, gw.internal.gosu.compiler.SingleServingGosuClassLoader,
/common/class_transformer/com.newrelic.instrumentation.servlet-user/enabled: false
/common/class_transformer/com.newrelic.instrumentation.spring-aop-2/enabled: false
/common/cross_application_tracer/enabled: true
/common/enable_auto_app_naming: false
/common/enable_auto_transaction_naming: true
/common/error_collector/enabled: true
/common/error_collector/ignore_errors: akka.actor.ActorKilledException
/common/error_collector/ignore_status_codes: 404
/common/high_security: false
/common/labels/label_name: label_value
/common/license_key: license-key-val-java
/common/log_daily: false
/common/log_file_count: 1
/common/log_file_name: newrelic_agent.log
/common/log_level: info
/common/log_limit_in_kbytes: 0
/common/max_stack_trace_lines: 30
/common/ssl: true
/common/thread_profiler/enabled: true
/common/transaction_events/enabled: true
/common/transaction_events/max_samples_stored: 2000
/common/transaction_tracer/enabled: true
/common/transaction_tracer/explain_enabled: true
/common/transaction_tracer/explain_threshold: 5E-01
/common/transaction_tracer/log_sql: false
/common/transaction_tracer/record_sql: obfuscated
/common/transaction_tracer/stack_trace_threshold: 5E-01
/common/transaction_tracer/top_n: 20
/common/transaction_tracer/transaction_threshold: apdex_f
/development/agent_enabled: true
/development/app_name: My Application (Development)
/development/attributes/enabled: true
/development/audit_mode: false
/development/browser_monitoring/auto_instrument: true
/development/class_transformer/classloader_excludes: groovy.lang.GroovyClassLoader$InnerLoader, org.codehaus.groovy.runtime.callsite.CallSiteClassLoader, com.collaxa.cube.engine.deployment.BPELClassLoader, org.springframework.data.convert.ClassGeneratingEntityInstantiator$ObjectInstantiatorClassGenerator, org.mvel2.optimizers.impl.asm.ASMAccessorOptimizer$ContextClassLoader, gw.internal.gosu.compiler.SingleServingGosuClassLoader,
/development/class_transformer/com.newrelic.instrumentation.servlet-user/enabled: false
/development/class_transformer/com.newrelic.instrumentation.spring-aop-2/enabled: false
/development/cross_application_tracer/enabled: true
/development/enable_auto_app_naming: false
/development/enable_auto_transaction_naming: true
/development/error_collector/enabled: true
/development/error_collector/ignore_errors: akka.actor.ActorKilledException
/development/error_collector/ignore_status_codes: 404
/development/high_security: false
/development/labels/label_name: label_value
/development/license_key: license-key-val-java
/development/log_daily: false
/development/log_file_count: 1
/development/log_file_name: newrelic_agent.log
/development/log_level: info
/development/log_limit_in_kbytes: 0
/development/max_stack_trace_lines: 30
/development/ssl: true
/development/thread_profiler/enabled: true
/development/transaction_events/enabled: true
/development/transaction_events/max_samples_stored: 2000
/development/transaction_tracer/enabled: true
/development/transaction_tracer/explain_enabled: true
/development/transaction_tracer/explain_threshold: 5E-01
/development/transaction_tracer/log_sql: false
/development/transaction_tracer/record_sql: obfuscated
/development/transaction_tracer/stack_trace_threshold: 5E-01
/development/transaction_tracer/top_n: 20
/development/transaction_tracer/transaction_threshold: apdex_f
/production/agent_enabled: true
/production/app_name: My Java App
/production/attributes/enabled: true
/production/audit_mode: false
/production/browser_monitoring/auto_instrument: true
/production/class_transformer/classloader_excludes: groovy.lang.GroovyClassLoader$InnerLoader, org.codehaus.groovy.runtime.callsite.CallSiteClassLoader, com.collaxa.cube.engine.deployment.BPELClassLoader, org.springframework.data.convert.ClassGeneratingEntityInstantiator$ObjectInstantiatorClassGenerator, org.mvel2.optimizers.impl.asm.ASMAccessorOptimizer$ContextClassLoader, gw.internal.gosu.compiler.SingleServingGosuClassLoader,
/production/class_transformer/com.newrelic.instrumentation.servlet-user/enabled: false
/production/class_transformer/com.newrelic.instrumentation.spring-aop-2/enabled: false
/production/cross_application_tracer/enabled: true
/production/enable_auto_app_naming: false
/production/enable_auto_transaction_naming: true
/production/error_collector/enabled: true
/production/error_collector/ignore_errors: akka.actor.ActorKilledException
/production/error_collector/ignore_status_codes: 404
/production/high_security: false
/production/labels/label_name: label_value
/production/license_key: license-key-val-java
/production/log_daily: false
/production/log_file_count: 1
/production/log_file_name: newrelic_agent.log
/production/log_level: info
/production/log_limit_in_kbytes: 0
/production/max_stack_trace_lines: 30
/production/ssl: true
/production/thread_profiler/enabled: true
/production/transaction_events/enabled: true
/production/transaction_events/max_samples_stored: 2000
/production/transaction_tracer/enabled: true
/production/transaction_tracer/explain_enabled: true
/production/transaction_tracer/explain_threshold: 5E-01
/production/transaction_tracer/log_sql: false
/production/transaction_tracer/record_sql: obfuscated
/production/transaction_tracer/stack_trace_threshold: 5E-01
/production/transaction_tracer/top_n: 20
/production/transaction_tracer/transaction_threshold: apdex_f
/staging/agent_enabled: true
/staging/app_name: My Application (Staging)
/staging/attributes/enabled: true
/staging/audit_mode: false
/staging/browser_monitoring/auto_instrument: true
/staging/class_transformer/classloader_excludes: groovy.lang.GroovyClassLoader$InnerLoader, org.codehaus.groovy.runtime.callsite.CallSiteClassLoader, com.collaxa.cube.engine.deployment.BPELClassLoader, org.springframework.data.convert.ClassGeneratingEntityInstantiator$ObjectInstantiatorClassGenerator, org.mvel2.optimizers.impl.asm.ASMAccessorOptimizer$ContextClassLoader, gw.internal.gosu.compiler.SingleServingGosuClassLoader,
/staging/class_transformer/com.newrelic.instrumentation.servlet-user/enabled: false
/staging/class_transformer/com.newrelic.instrumentation.spring-aop-2/enabled: false
/staging/cross_application_tracer/enabled: true
/staging/enable_auto_app_naming: false
/staging/enable_auto_transaction_naming: true
/staging/error_collector/enabled: true
/staging/error_collector/ignore_errors: akka.actor.ActorKilledException
/staging/error_collector/ignore_status_codes: 404
/staging/high_security: false
/staging/labels/label_name: label_value
/staging/license_key: license-key-val-java
/staging/log_daily: false
/staging/log_file_count: 1
/staging/log_file_name: newrelic_agent.log
/staging/log_level: info
/staging/log_limit_in_kbytes: 0
/staging/max_stack_trace_lines: 30
/staging/ssl: true
/staging/thread_profiler/enabled: true
/staging/transaction_events/enabled: true
/staging/transaction_events/max_samples_stored: 2000
/staging/transaction_tracer/enabled: true
/staging/transaction_tracer/explain_enabled: true
/staging/transaction_tracer/explain_threshold: 5E-01
/staging/transaction_tracer/log_sql: false
/staging/transaction_tracer/record_sql: obfuscated
/staging/transaction_tracer/stack_trace_threshold: 5E-01
/staging/transaction_tracer/top_n: 20
/staging/transaction_tracer/transaction_threshold: apdex_f
/test/agent_enabled: true
/test/app_name: My Application (Test)
/test/attributes/enabled: true
/test/audit_mode: false
/test/browser_monitoring/auto_instrument: true
/test/class_transformer/classloader_excludes: groovy.lang.GroovyClassLoader$InnerLoader, org.codehaus.groovy.runtime.callsite.CallSiteClassLoader, com.collaxa.cube.engine.deployment.BPELClassLoader, org.springframework.data.convert.ClassGeneratingEntityInstantiator$ObjectInstantiatorClassGenerator, org.mvel2.optimizers.impl.asm.ASMAccessorOptimizer$ContextClassLoader, gw.internal.gosu.compiler.SingleServingGosuClassLoader,
/test/class_transformer/com.newrelic.instrumentation.servlet-user/enabled: false
/test/class_transformer/com.newrelic.instrumentation.spring-aop-2/enabled: false
/test/cross_application_tracer/enabled: true
/test/enable_auto_app_naming: false
/test/enable_auto_transaction_naming: true
/test/error_collector/enabled: true
/test/error_collector/ignore_errors: akka.actor.ActorKilledException
/test/error_collector/ignore_status_codes: 404
/test/high_security: false
/test/labels/label_name: label_value
/test/license_key: license-key-val-java
/test/log_daily: false
/test/log_file_count: 1
/test/log_file_name: newrelic_agent.log
/test/log_level: info
/test/log_limit_in_kbytes: 0
/test/max_stack_trace_lines: 30
/test/ssl: true
/test/thread_profiler/enabled: true
/test/transaction_events/enabled: true
/test/transaction_events/max_samples_stored: 2000
/test/transaction_tracer/enabled: true
/test/transaction_tracer/explain_enabled: true
/test/transaction_tracer/explain_threshold: 5E-01
/test/transaction_tracer/log_sql: false
/test/transaction_tracer/record_sql: obfuscated
/test/transaction_tracer/stack_trace_threshold: 5E-01
/test/transaction_tracer/top_n: 20
/test/transaction_tracer/transaction_threshold: apdex_f
 }